[19:11:11] [main/INFO]: Loading Minecraft 1.21.11 with Fabric Loader 0.18.2
[19:11:11] [main/INFO]: Loading 4 mods:
	- fabricloader 0.18.2
	   \-- mixinextras 0.5.0
	- java 21
	- minecraft 1.21.11
[19:11:11] [main/INFO]: SpongePowered MIXIN Subsystem Version=0.8.7 Source=file:/workspaces/filtrados/servidor_minecraft/libraries/net/fabricmc/sponge-mixin/0.16.5+mixin.0.8.7/sponge-mixin-0.16.5+mixin.0.8.7.jar Service=Knot/Fabric Env=SERVER
[19:11:21] [main/INFO]: Environment: Environment[sessionHost=https://sessionserver.mojang.com, servicesHost=https://api.minecraftservices.com, profilesHost=https://api.mojang.com, name=PROD]
[19:11:23] [main/INFO]: No existing world data, creating new world
[19:11:25] [main/INFO]: Loaded 1470 recipes
[19:11:25] [main/INFO]: Loaded 1584 advancements
[19:11:25] [Server thread/INFO]: Starting minecraft server version 1.21.11
[19:11:25] [Server thread/INFO]: Loading properties
[19:11:25] [Server thread/INFO]: Default game type: SURVIVAL
[19:11:25] [Server thread/INFO]: Generating keypair
[19:11:26] [Server thread/INFO]: Starting Minecraft server on *:25565
[19:11:26] [Server thread/WARN]: **** SERVER IS RUNNING IN OFFLINE/INSECURE MODE!
[19:11:26] [Server thread/WARN]: The server will make no attempt to authenticate usernames. Beware.
[19:11:26] [Server thread/WARN]: While this makes the game possible to play without internet access, it also opens up the ability for hackers to connect with any username they choose.
[19:11:26] [Server thread/WARN]: To change this, set "online-mode" to "true" in the server.properties file.
[19:11:26] [Server thread/INFO]: Preparing level "world"
[19:11:26] [Server thread/INFO]: Selecting global world spawn...
[19:11:41] [Server thread/INFO]: Loading 0 persistent chunks...
[19:11:41] [Server thread/INFO]: Preparing spawn area: 100%
[19:11:41] [Server thread/INFO]: Time elapsed: 14441 ms
[19:11:41] [Server thread/INFO]: Done (15.104s)! For help, type "help"
[19:11:58] [Server thread/INFO]: ceboforever[/100.101.49.9:60407] logged in with entity id 9 at (-189.5, 94.0, -102.5)
[19:11:58] [Server thread/INFO]: ceboforever joined the game
[19:15:08] [Server thread/INFO]: elculebrasolida[/100.80.173.85:61735] logged in with entity id 873 at (-187.5, 73.0, -109.5)
[19:15:08] [Server thread/INFO]: elculebrasolida joined the game
[19:25:13] [Server thread/INFO]: ceboforever was shot by Skeleton
[19:28:06] [Server thread/INFO]: elculebrasolida has made the advancement [Stone Age]
[19:28:34] [Server thread/INFO]: elculebrasolida has made the advancement [Getting an Upgrade]
[19:31:25] [Server thread/INFO]: ceboforever was slain by Zombie
[19:37:00] [Server thread/INFO]: elculebrasolida lost connection: Disconnected
[19:37:00] [Server thread/INFO]: elculebrasolida left the game
[19:37:01] [Server thread/INFO]: ceboforever lost connection: Disconnected
[19:37:01] [Server thread/INFO]: ceboforever left the game
[19:38:01] [Server thread/INFO]: Server empty for 60 seconds, pausing
